[megabyte.andevfrontend.com/index.html]
[megabyte.andevfrontend.com/img/favicon.ico]
[unpkg.com/swiper/swiper-bundle.min.2.delayed]
[unpkg.com/swiper@9.2.2/swiper-bundle.min.css]
[cdn.jsdelivr.net/npm/bootstrap-icons@1.7.2/font/bootstrap-icons.css]
[unpkg.com/metismenujs/dist/metismenujs.min.css]
[unpkg.com/metismenujs@1.4.0/dist/metismenujs.min.css]
[megabyte.andevfrontend.com/plugins/iziToast/iziToast.min.css]
[megabyte.andevfrontend.com/css/main.css]
[backblue.gif]
[fade.gif]
[index.html]
[megabyte.andevfrontend.com/img/logo.png]
[megabyte.andevfrontend.com/img/categories/pc_components/motherboards.jpg]
[megabyte.andevfrontend.com/img/categories/pc_components/processors.jpg]
[megabyte.andevfrontend.com/img/categories/pc_components/rams.jpg]
[megabyte.andevfrontend.com/img/categories/pc_components/video_cards.jpg]
[megabyte.andevfrontend.com/img/categories/pc_components/power_supplys.jpg]
[megabyte.andevfrontend.com/img/categories/pc_components/hard_drives.jpg]
[megabyte.andevfrontend.com/img/categories/pc_components/ssd_disk.jpg]
[megabyte.andevfrontend.com/img/categories/pc_components/computer_case.jpg]
[megabyte.andevfrontend.com/img/categories/peripherals/keywords.jpg]
[megabyte.andevfrontend.com/img/categories/peripherals/mouse.jpg]
[megabyte.andevfrontend.com/img/categories/peripherals/mic.jpg]
[megabyte.andevfrontend.com/img/categories/peripherals/webcam.jpg]
[megabyte.andevfrontend.com/img/categories/computers/desktops.jpg]
[megabyte.andevfrontend.com/img/categories/computers/notebooks.jpg]
[megabyte.andevfrontend.com/img/categories/gaming/consoles.jpg]
[megabyte.andevfrontend.com/img/categories/gaming/games.jpg]
[megabyte.andevfrontend.com/img/categories/gaming/accessories.jpg]
[megabyte.andevfrontend.com/img/categories/software/os.jpg]
[megabyte.andevfrontend.com/img/categories/software/office.jpg]
[megabyte.andevfrontend.com/img/categories/software/antivirus.jpg]
[megabyte.andevfrontend.com/shop-mixed.html]
[megabyte.andevfrontend.com/shop-listed.html]
[megabyte.andevfrontend.com/shop-grid.html]
[megabyte.andevfrontend.com/wishlist.html]
[megabyte.andevfrontend.com/shopping-cart.html]
[megabyte.andevfrontend.com/product-details.html]
[megabyte.andevfrontend.com/checkout.html]
[megabyte.andevfrontend.com/about-us.html]
[megabyte.andevfrontend.com/my-account.html]
[megabyte.andevfrontend.com/login.html]
[megabyte.andevfrontend.com/sign-up.html]
[megabyte.andevfrontend.com/forgot-password.html]
[megabyte.andevfrontend.com/error404.html]
[megabyte.andevfrontend.com/purchase-completed.html]
[megabyte.andevfrontend.com/purchase-failed.html]
[megabyte.andevfrontend.com/message-sent.html]
[megabyte.andevfrontend.com/verification.html]
[megabyte.andevfrontend.com/privacy-policy.html]
[megabyte.andevfrontend.com/terms-and-conditions.html]
[megabyte.andevfrontend.com/maintenance.html]
[megabyte.andevfrontend.com/faqs.html]
[megabyte.andevfrontend.com/contact-us.html]
[megabyte.andevfrontend.com/img/banner/banner-1.jpg]
[megabyte.andevfrontend.com/img/banner/banner-2.jpg]
[megabyte.andevfrontend.com/img/banner/banner-3.jpg]
[megabyte.andevfrontend.com/img/categories/sec-desktop-g.jpg]
[megabyte.andevfrontend.com/img/cards/notebooks/note_1.jpg]
[megabyte.andevfrontend.com/img/cards/mousepad.jpg]
[megabyte.andevfrontend.com/img/cards/phones/phone_1.jpg]
[megabyte.andevfrontend.com/img/categories/sec-notebooks.jpg]
[megabyte.andevfrontend.com/img/categories/sec-desktops.jpg]
[megabyte.andevfrontend.com/img/categories/sliders/notebooks.jpg]
[megabyte.andevfrontend.com/img/cards/notebooks/note_2.jpg]
[megabyte.andevfrontend.com/img/cards/notebooks/note_3.jpg]
[megabyte.andevfrontend.com/img/cards/notebooks/note_4.jpg]
[megabyte.andevfrontend.com/img/categories/sliders/smartphones.jpg]
[megabyte.andevfrontend.com/img/cards/phones/phone_2.jpg]
[megabyte.andevfrontend.com/img/cards/phones/phone_3.jpg]
[megabyte.andevfrontend.com/img/cards/phones/phone_4.jpg]
[megabyte.andevfrontend.com/img/brands/amd-logo.png]
[megabyte.andevfrontend.com/img/brands/asrock-logo.png]
[megabyte.andevfrontend.com/img/brands/asus-logo.png]
[megabyte.andevfrontend.com/img/brands/corsair-logo.png]
[megabyte.andevfrontend.com/img/brands/genius-logo.png]
[megabyte.andevfrontend.com/img/brands/gigabyte-logo.png]
[megabyte.andevfrontend.com/img/brands/hp-logo.png]
[megabyte.andevfrontend.com/img/brands/intel-logo.png]
[megabyte.andevfrontend.com/img/brands/kingston-logo.png]
[megabyte.andevfrontend.com/img/brands/lenovo-logo.png]
[megabyte.andevfrontend.com/img/brands/logitech-logo.png]
[megabyte.andevfrontend.com/img/brands/msi-logo.png]
[megabyte.andevfrontend.com/img/brands/nvidia-logo.png]
[megabyte.andevfrontend.com/img/brands/philips-logo.png]
[megabyte.andevfrontend.com/img/brands/redragon-logo.png]
[megabyte.andevfrontend.com/img/brands/samsung-logo.png]
[megabyte.andevfrontend.com/img/product/prod-1.jpg]
[megabyte.andevfrontend.com/img/logo2.png]
[megabyte.andevfrontend.com/img/product/prod-2.jpg]
[megabyte.andevfrontend.com/img/product/prod-3.jpg]
[unpkg.com/swiper/swiper-bundle.min.59.delayed]
[unpkg.com/swiper@9.2.2/swiper-bundle.min.js]
[unpkg.com/metismenujs/dist/metismenujs.min.5b.delayed]
[unpkg.com/metismenujs@1.4.0/dist/metismenujs.min.js]
[megabyte.andevfrontend.com/plugins/iziToast/iziToast.min.js]
[megabyte.andevfrontend.com/index.html]
[unpkg.com/swiper@9.2.2/swiper-bundle.min.css]
[megabyte.andevfrontend.com/js/main.js]
[cdn.jsdelivr.net/npm/bootstrap-icons@1.7.2/font/fonts/bootstrap-iconsf114.woff2]
[cdn.jsdelivr.net/npm/bootstrap-icons@1.7.2/font/fonts/bootstrap-iconsf114.woff]
[cdn.jsdelivr.net/npm/bootstrap-icons@1.7.2/font/bootstrap-icons.css]
[unpkg.com/metismenujs@1.4.0/dist/metismenujs.min.css]
[megabyte.andevfrontend.com/plugins/iziToast/iziToast.min.css]
[megabyte.andevfrontend.com/css/main.css]
[megabyte.andevfrontend.com/plugins/nice-select2/nice-select2.css]
[megabyte.andevfrontend.com/plugins/nice-select2/nice-select2.js]
[megabyte.andevfrontend.com/shop-mixed.html]
[megabyte.andevfrontend.com/shop-listed.html]
[megabyte.andevfrontend.com/shop-grid.html]
[megabyte.andevfrontend.com/wishlist.html]
[megabyte.andevfrontend.com/shopping-cart.html]
[megabyte.andevfrontend.com/plugins/mixitup/mixitup.min.js]
[megabyte.andevfrontend.com/plugins/rater-js/rater-js.css]
[megabyte.andevfrontend.com/img/comments/profile_1.png]
[megabyte.andevfrontend.com/img/comments/profile_2.png]
[megabyte.andevfrontend.com/plugins/rater-js/rater-js.js]
[megabyte.andevfrontend.com/product-details.html]
[megabyte.andevfrontend.com/checkout.html]
[megabyte.andevfrontend.com/img/about-us/about-img.jpg]
[megabyte.andevfrontend.com/about-us.html]
[megabyte.andevfrontend.com/img/svg/visa-logo.svg]
[megabyte.andevfrontend.com/img/svg/mastercard-logo.svg]
[megabyte.andevfrontend.com/img/svg/password-successfull.svg]
[megabyte.andevfrontend.com/img/svg/deactivate-account.svg]
[megabyte.andevfrontend.com/my-account.html]
[megabyte.andevfrontend.com/login.html]
[megabyte.andevfrontend.com/sign-up.html]
[megabyte.andevfrontend.com/forgot-password.html]
[megabyte.andevfrontend.com/error404.html]
[megabyte.andevfrontend.com/img/svg/purchase-done.svg]
[megabyte.andevfrontend.com/purchase-completed.html]
[megabyte.andevfrontend.com/purchase-failed.html]
[megabyte.andevfrontend.com/img/svg/purchase-cancelled.svg]
[megabyte.andevfrontend.com/message-sent.html]
[megabyte.andevfrontend.com/verification.html]
[megabyte.andevfrontend.com/privacy-policy.html]
[megabyte.andevfrontend.com/img/svg/message-sent.svg]
[megabyte.andevfrontend.com/terms-and-conditions.html]
[megabyte.andevfrontend.com/img/svg/maintenance.svg]
[megabyte.andevfrontend.com/maintenance.html]
[megabyte.andevfrontend.com/faqs.html]
[megabyte.andevfrontend.com/contact-us.html]
[megabyte.andevfrontend.com/plugins/iziToast/iziToast.min.js]
[megabyte.andevfrontend.com/js/main.js]
[megabyte.andevfrontend.com/plugins/nice-select2/nice-select2.css]
[megabyte.andevfrontend.com/plugins/nice-select2/nice-select2.js]
[megabyte.andevfrontend.com/plugins/mixitup/mixitup.min.js]
[megabyte.andevfrontend.com/plugins/rater-js/star_0.svg]
[megabyte.andevfrontend.com/plugins/rater-js/star_1.svg]
[megabyte.andevfrontend.com/plugins/rater-js/rater-js.css]
[megabyte.andevfrontend.com/style.css]
[megabyte.andevfrontend.com/plugins/rater-js/rater-js.js]
[megabyte.andevfrontend.com/img/svg/visa-logo.svg]
[megabyte.andevfrontend.com/img/svg/mastercard-logo.svg]
[megabyte.andevfrontend.com/img/svg/password-successfull.svg]
[megabyte.andevfrontend.com/img/svg/deactivate-account.svg]
[megabyte.andevfrontend.com/img/svg/purchase-done.svg]
[megabyte.andevfrontend.com/img/svg/purchase-cancelled.svg]
[megabyte.andevfrontend.com/img/svg/message-sent.svg]
[megabyte.andevfrontend.com/img/svg/maintenance.svg]
[megabyte.andevfrontend.com/plugins/rater-js/star_0.svg]
[megabyte.andevfrontend.com/plugins/rater-js/star_1.svg]
[megabyte.andevfrontend.com/style.html]
